#-----------------------------------------------------------
# Vivado v2015.2 (64-bit)
# SW Build 1266856 on Fri Jun 26 16:35:25 MDT 2015
# IP Build 1264090 on Wed Jun 24 14:22:01 MDT 2015
# Start of session at: Sat Oct 17 18:45:09 2015
# Process ID: 8564
# Log file: C:/Users/Nacosta/Documents/DEV/Arqui/Entrega 3/vivado.log
# Journal file: C:/Users/Nacosta/Documents/DEV/Arqui/Entrega 3\vivado.jou
#-----------------------------------------------------------
start_gui
open_project {C:/Users/Nacosta/Documents/DEV/Arqui/Entrega 3/Proyecto Base.xpr}
reset_run synth_1
launch_runs impl_1
wait_on_run impl_1
close [ open {C:/Users/Nacosta/Documents/DEV/Arqui/Entrega 3/Proyecto Base.srcs/sources_1/new/MUX_16b.vhd} w ]
add_files {{C:/Users/Nacosta/Documents/DEV/Arqui/Entrega 3/Proyecto Base.srcs/sources_1/new/MUX_16b.vhd}}
update_compile_order -fileset sources_1
remove_files {{C:/Users/Nacosta/Documents/DEV/Arqui/Entrega 3/Proyecto Base.srcs/sources_1/new/MUX_16b.vhd}}
close [ open {C:/Users/Nacosta/Documents/DEV/Arqui/Entrega 3/Proyecto Base.srcs/sources_1/new/MUXIO.vhd} w ]
add_files {{C:/Users/Nacosta/Documents/DEV/Arqui/Entrega 3/Proyecto Base.srcs/sources_1/new/MUXIO.vhd}}
update_compile_order -fileset sources_1
reset_run synth_1
launch_runs impl_1
wait_on_run impl_1
reset_run synth_1
launch_runs impl_1
wait_on_run impl_1
close [ open {C:/Users/Nacosta/Documents/DEV/Arqui/Entrega 3/Proyecto Base.srcs/sources_1/new/MUX_2b_12d.vhd} w ]
add_files {{C:/Users/Nacosta/Documents/DEV/Arqui/Entrega 3/Proyecto Base.srcs/sources_1/new/MUX_2b_12d.vhd}}
update_compile_order -fileset sources_1
